<?xml version="1.0" encoding="UTF-8"?>
<testsuites errors="0" failures="0" skipped="0" tests="4" time="0.001410599" timestamp="2018-04-24T00:19:29-07:00">
  <testsuite name="if a number is divisible by" tests="4" errors="0" failures="0" skipped="0">
    <properties/>
    <testcase name="FizzBuzz if a number is divisible by 3 print Fizz" time="0.000328868">
    </testcase>
    <testcase name="FizzBuzz if a number is divisible by 5 print Buzz" time="8.2234e-05">
    </testcase>
    <testcase name="FizzBuzz if a number is divisible by 15 print FizzBuzz" time="9.749e-05">
    </testcase>
    <testcase name="FizzBuzz if a number is divisible by any other numbers" time="6.2631e-05">
    </testcase>
  </testsuite>
</testsuites>
